// Jest Snapshot v1, https://goo.gl/fbAQLP

exports[`Testing NotFound Snapshots 1`] = `
<DocumentFragment>
  <div
    class="sc-bczRLJ fxlkcZ"
  >
    <img
      alt="not found image (404)"
      src=""
    />
  </div>
</DocumentFragment>
`;
