// Jest Snapshot v1, https://goo.gl/fbAQLP

exports[`Testing FallbackLoading Snapshots 1`] = `
<DocumentFragment>
  <div
    class="fallback-loading"
  >
    Loading...
  </div>
</DocumentFragment>
`;
